// Jest Snapshot v1, https://goo.gl/fbAQLP

exports[`<Logo /> should render correctly 1`] = `
<a
  className="logo "
  href="/"
  onClick={[Function]}
>
  Cloverfield
</a>
`;
